This is pdfTeX, Version 3.141592653-2.6-1.40.26 (TeX Live 2024) (preloaded format=pdflatex 2024.4.14)  8 SEP 2024 14:33
entering extended mode
 restricted \write18 enabled.
 file:line:error style messages enabled.
 %&-line parsing enabled.
**"c:/Users/ireas/Desktop/Master/Masters-Thesis-Git/_Masters Thesis/zwischenreport.tex"
(c:/Users/ireas/Desktop/Master/Masters-Thesis-Git/_Masters Thesis/zwischenreport.tex
LaTeX2e <2023-11-01> patch level 1
L3 programming layer <2024-03-14>
(./GAUBM.cls
Document Class: GAUBM 2009/03/12 v1.0 GAU Vorlage für Abschlussarbeit Physik
(c:/TeXLive/2024/texmf-dist/tex/latex/koma-script/scrbook.cls
Document Class: scrbook 2023/07/07 v3.41 KOMA-Script document class (book)
(c:/TeXLive/2024/texmf-dist/tex/latex/koma-script/scrkbase.sty
Package: scrkbase 2023/07/07 v3.41 KOMA-Script package (KOMA-Script-dependent basics and keyval usage)
 (c:/TeXLive/2024/texmf-dist/tex/latex/koma-script/scrbase.sty
Package: scrbase 2023/07/07 v3.41 KOMA-Script package (KOMA-Script-independent basics and keyval usage)
 (c:/TeXLive/2024/texmf-dist/tex/latex/koma-script/scrlfile.sty
Package: scrlfile 2023/07/07 v3.41 KOMA-Script package (file load hooks)
 (c:/TeXLive/2024/texmf-dist/tex/latex/koma-script/scrlfile-hook.sty
Package: scrlfile-hook 2023/07/07 v3.41 KOMA-Script package (using LaTeX hooks)
 (c:/TeXLive/2024/texmf-dist/tex/latex/koma-script/scrlogo.sty
Package: scrlogo 2023/07/07 v3.41 KOMA-Script package (logo)
))) (c:/TeXLive/2024/texmf-dist/tex/latex/graphics/keyval.sty
Package: keyval 2022/05/29 v1.15 key=value parser (DPC)
\KV@toks@=\toks17
)
Applying: [2021/05/01] Usage of raw or classic option list on input line 252.
Already applied: [0000/00/00] Usage of raw or classic option list on input line 368.
)) (c:/TeXLive/2024/texmf-dist/tex/latex/koma-script/tocbasic.sty
Package: tocbasic 2023/07/07 v3.41 KOMA-Script package (handling toc-files)
\scr@dte@tocline@numberwidth=\skip48
\scr@dte@tocline@numbox=\box51
)
Package tocbasic Info: omitting babel extension for `toc'
(tocbasic)             because of feature `nobabel' available
(tocbasic)             for `toc' on input line 135.
Package scrbook Info: You've used standard option `12pt'.
(scrbook)             This is correct!
(scrbook)             Internally I'm using `fontsize=12pt'.
(scrbook)             If you'd like to set the option with \KOMAoptions,
(scrbook)             you'd have to use `fontsize=12pt' there
(scrbook)             instead of `12pt', too.
Class scrbook Info: File `scrsize12pt.clo' used to setup font sizes on input line 2691.
 (c:/TeXLive/2024/texmf-dist/tex/latex/koma-script/scrsize12pt.clo
File: scrsize12pt.clo 2023/07/07 v3.41 KOMA-Script font size class option (12pt)
) (c:/TeXLive/2024/texmf-dist/tex/latex/koma-script/typearea.sty
Package: typearea 2023/07/07 v3.41 KOMA-Script package (type area)
\ta@bcor=\skip49
\ta@div=\count188
\ta@hblk=\skip50
\ta@vblk=\skip51
\ta@temp=\skip52
\footheight=\skip53
Package typearea Info: These are the values describing the layout:
(typearea)             DIV  = 12
(typearea)             BCOR = 0.0pt
(typearea)             \paperwidth      = 597.50793pt
(typearea)              \textwidth      = 448.13095pt
(typearea)              DIV departure   = -6%
(typearea)              \evensidemargin = 27.31467pt
(typearea)              \oddsidemargin  = -22.47766pt
(typearea)             \paperheight     = 845.04694pt
(typearea)              \textheight     = 635.5pt
(typearea)              \topmargin      = -41.72441pt
(typearea)              \headheight     = 18.125pt
(typearea)              \headsep        = 21.75pt
(typearea)              \topskip        = 12.0pt
(typearea)              \footskip       = 50.75pt
(typearea)              \baselineskip   = 14.5pt
(typearea)              on input line 1799.
)
\c@part=\count189
\c@chapter=\count190
\c@section=\count191
\c@subsection=\count192
\c@subsubsection=\count193
\c@paragraph=\count194
\c@subparagraph=\count195
\scr@dte@chapter@maxnumwidth=\skip54
Class scrbook Info: using compatibility default `afterindent=bysign'
(scrbook)           for `\chapter on input line 5990.
\scr@dte@section@maxnumwidth=\skip55
Class scrbook Info: using compatibility default `runin=bysign'
(scrbook)           for `\section on input line 6001.
Class scrbook Info: using compatibility default `afterindent=bysign'
(scrbook)           for `\section on input line 6001.
\scr@dte@part@maxnumwidth=\skip56
Class scrbook Info: using compatibility default `afterindent=true'
(scrbook)           for `\part on input line 6010.
\scr@dte@subsection@maxnumwidth=\skip57
Class scrbook Info: using compatibility default `runin=bysign'
(scrbook)           for `\subsection on input line 6020.
Class scrbook Info: using compatibility default `afterindent=bysign'
(scrbook)           for `\subsection on input line 6020.
\scr@dte@subsubsection@maxnumwidth=\skip58
Class scrbook Info: using compatibility default `runin=bysign'
(scrbook)           for `\subsubsection on input line 6030.
Class scrbook Info: using compatibility default `afterindent=bysign'
(scrbook)           for `\subsubsection on input line 6030.
\scr@dte@paragraph@maxnumwidth=\skip59
Class scrbook Info: using compatibility default `runin=bysign'
(scrbook)           for `\paragraph on input line 6041.
Class scrbook Info: using compatibility default `afterindent=bysign'
(scrbook)           for `\paragraph on input line 6041.
\scr@dte@subparagraph@maxnumwidth=\skip60
Class scrbook Info: using compatibility default `runin=bysign'
(scrbook)           for `\subparagraph on input line 6051.
Class scrbook Info: using compatibility default `afterindent=bysign'
(scrbook)           for `\subparagraph on input line 6051.
\abovecaptionskip=\skip61
\belowcaptionskip=\skip62
\c@pti@nb@sid@b@x=\box52
Package tocbasic Info: omitting babel extension for `lof'
(tocbasic)             because of feature `nobabel' available
(tocbasic)             for `lof' on input line 7242.
\scr@dte@figure@maxnumwidth=\skip63
\c@figure=\count196
Package tocbasic Info: omitting babel extension for `lot'
(tocbasic)             because of feature `nobabel' available
(tocbasic)             for `lot' on input line 7259.
\scr@dte@table@maxnumwidth=\skip64
\c@table=\count197
Class scrbook Info: Redefining `\numberline' on input line 7430.
\bibindent=\dimen140
) (c:/TeXLive/2024/texmf-dist/tex/latex/tools/calc.sty
Package: calc 2023/07/08 v4.3 Infix arithmetic (KKT,FJ)
\calc@Acount=\count198
\calc@Bcount=\count199
\calc@Adimen=\dimen141
\calc@Bdimen=\dimen142
\calc@Askip=\skip65
\calc@Bskip=\skip66
LaTeX Info: Redefining \setlength on input line 80.
LaTeX Info: Redefining \addtolength on input line 81.
\calc@Ccount=\count266
\calc@Cskip=\skip67
)
\c@@countbegin=\count267
\c@@countend=\count268
) (./structure.tex (c:/TeXLive/2024/texmf-dist/tex/latex/setspace/setspace.sty
Package: setspace 2022/12/04 v6.7b set line spacing
) (c:/TeXLive/2024/texmf-dist/tex/latex/blindtext/blindtext.sty
Package: blindtext 2012/01/06 V2.0 blindtext-Package
 (c:/TeXLive/2024/texmf-dist/tex/latex/tools/xspace.sty
Package: xspace 2014/10/28 v1.13 Space after command names (DPC,MH)
)
\c@blindtext=\count269
\c@Blindtext=\count270
\c@blind@countparstart=\count271
\blind@countxx=\count272
\blindtext@numBlindtext=\count273
\blind@countyy=\count274
\c@blindlist=\count275
\c@blindlistlevel=\count276
\c@blindlist@level=\count277
\blind@listitem=\count278
\c@blind@listcount=\count279
\c@blind@levelcount=\count280
\blind@mathformula=\count281
\blind@Mathformula=\count282
\c@blind@randomcount=\count283
\c@blind@randommax=\count284
\c@blind@pangramcount=\count285
\c@blind@pangrammax=\count286
) (c:/TeXLive/2024/texmf-dist/tex/latex/float/float.sty
Package: float 2001/11/08 v1.3d Float enhancements (AL)
\c@float@type=\count287
\float@exts=\toks18
\float@box=\box53
\@float@everytoks=\toks19
\@floatcapt=\box54
) (c:/TeXLive/2024/texmf-dist/tex/latex/svg/svg.sty
Package: svg 2020/11/26 v2.02k (include SVG pictures)
 (c:/TeXLive/2024/texmf-dist/tex/generic/iftex/iftex.sty
Package: iftex 2022/02/03 v1.0f TeX engine tests
) (c:/TeXLive/2024/texmf-dist/tex/generic/pdftexcmds/pdftexcmds.sty
Package: pdftexcmds 2020-06-27 v0.33 Utility functions of pdfTeX for LuaTeX (HO)
 (c:/TeXLive/2024/texmf-dist/tex/generic/infwarerr/infwarerr.sty
Package: infwarerr 2019/12/03 v1.5 Providing info/warning/error messages (HO)
) (c:/TeXLive/2024/texmf-dist/tex/generic/ltxcmds/ltxcmds.sty
Package: ltxcmds 2023-12-04 v1.26 LaTeX kernel commands for general use (HO)
)
Package pdftexcmds Info: \pdf@primitive is available.
Package pdftexcmds Info: \pdf@ifprimitive is available.
Package pdftexcmds Info: \pdfdraftmode found.
) (c:/TeXLive/2024/texmf-dist/tex/latex/trimspaces/trimspaces.sty
Package: trimspaces 2009/09/17 v1.1 Trim spaces around a token list
) (c:/TeXLive/2024/texmf-dist/tex/latex/graphics/graphicx.sty
Package: graphicx 2021/09/16 v1.2d Enhanced LaTeX Graphics (DPC,SPQR)
 (c:/TeXLive/2024/texmf-dist/tex/latex/graphics/graphics.sty
Package: graphics 2022/03/10 v1.4e Standard LaTeX Graphics (DPC,SPQR)
 (c:/TeXLive/2024/texmf-dist/tex/latex/graphics/trig.sty
Package: trig 2021/08/11 v1.11 sin cos tan (DPC)
) (c:/TeXLive/2024/texmf-dist/tex/latex/graphics-cfg/graphics.cfg
File: graphics.cfg 2016/06/04 v1.11 sample graphics configuration
)
Package graphics Info: Driver file: pdftex.def on input line 107.
 (c:/TeXLive/2024/texmf-dist/tex/latex/graphics-def/pdftex.def
File: pdftex.def 2022/09/22 v1.2b Graphics/color driver for pdftex
))
\Gin@req@height=\dimen143
\Gin@req@width=\dimen144
) (c:/TeXLive/2024/texmf-dist/tex/latex/tools/shellesc.sty
Package: shellesc 2023/07/08 v1.0d unified shell escape interface for LaTeX
Package shellesc Info: Restricted shell escape enabled on input line 77.
)
\c@svg@param@lastpage=\count288
\svg@box=\box55
\c@svg@param@currpage=\count289
) (c:/TeXLive/2024/texmf-dist/tex/latex/xcolor/xcolor.sty
Package: xcolor 2023/11/15 v3.01 LaTeX color extensions (UK)
 (c:/TeXLive/2024/texmf-dist/tex/latex/graphics-cfg/color.cfg
File: color.cfg 2016/01/02 v1.6 sample color configuration
)
Package xcolor Info: Driver file: pdftex.def on input line 274.
 (c:/TeXLive/2024/texmf-dist/tex/latex/graphics/mathcolor.ltx)
Package xcolor Info: Model `cmy' substituted by `cmy0' on input line 1350.
Package xcolor Info: Model `hsb' substituted by `rgb' on input line 1354.
Package xcolor Info: Model `RGB' extended on input line 1366.
Package xcolor Info: Model `HTML' substituted by `rgb' on input line 1368.
Package xcolor Info: Model `Hsb' substituted by `hsb' on input line 1369.
Package xcolor Info: Model `tHsb' substituted by `hsb' on input line 1370.
Package xcolor Info: Model `HSB' substituted by `hsb' on input line 1371.
Package xcolor Info: Model `Gray' substituted by `gray' on input line 1372.
Package xcolor Info: Model `wave' substituted by `hsb' on input line 1373.
) (c:/TeXLive/2024/texmf-dist/tex/latex/transparent/transparent.sty
Package: transparent 2022-10-27 v1.5 Transparency with color stacks
 (c:/TeXLive/2024/texmf-dist/tex/latex/transparent/transparent-nometadata.sty
Package: transparent-nometadata 2022-10-27 v1.5 Transparency via pdfTeX's color stack (HO)
 (c:/TeXLive/2024/texmf-dist/tex/latex/auxhook/auxhook.sty
Package: auxhook 2019-12-17 v1.6 Hooks for auxiliary files (HO)
))) (c:/TeXLive/2024/texmf-dist/tex/latex/pgf/systemlayer/pgfsys.sty (c:/TeXLive/2024/texmf-dist/tex/latex/pgf/utilities/pgfrcs.sty (c:/TeXLive/2024/texmf-dist/tex/generic/pgf/utilities/pgfutil-common.tex
\pgfutil@everybye=\toks20
\pgfutil@tempdima=\dimen145
\pgfutil@tempdimb=\dimen146
) (c:/TeXLive/2024/texmf-dist/tex/generic/pgf/utilities/pgfutil-latex.def
\pgfutil@abb=\box56
) (c:/TeXLive/2024/texmf-dist/tex/generic/pgf/utilities/pgfrcs.code.tex (c:/TeXLive/2024/texmf-dist/tex/generic/pgf/pgf.revision.tex)
Package: pgfrcs 2023-01-15 v3.1.10 (3.1.10)
)) (c:/TeXLive/2024/texmf-dist/tex/generic/pgf/systemlayer/pgfsys.code.tex
Package: pgfsys 2023-01-15 v3.1.10 (3.1.10)
 (c:/TeXLive/2024/texmf-dist/tex/generic/pgf/utilities/pgfkeys.code.tex
\pgfkeys@pathtoks=\toks21
\pgfkeys@temptoks=\toks22
 (c:/TeXLive/2024/texmf-dist/tex/generic/pgf/utilities/pgfkeyslibraryfiltered.code.tex
\pgfkeys@tmptoks=\toks23
))
\pgf@x=\dimen147
\pgf@y=\dimen148
\pgf@xa=\dimen149
\pgf@ya=\dimen150
\pgf@xb=\dimen151
\pgf@yb=\dimen152
\pgf@xc=\dimen153
\pgf@yc=\dimen154
\pgf@xd=\dimen155
\pgf@yd=\dimen156
\w@pgf@writea=\write3
\r@pgf@reada=\read2
\c@pgf@counta=\count290
\c@pgf@countb=\count291
\c@pgf@countc=\count292
\c@pgf@countd=\count293
\t@pgf@toka=\toks24
\t@pgf@tokb=\toks25
\t@pgf@tokc=\toks26
\pgf@sys@id@count=\count294
 (c:/TeXLive/2024/texmf-dist/tex/generic/pgf/systemlayer/pgf.cfg
File: pgf.cfg 2023-01-15 v3.1.10 (3.1.10)
)
Driver file for pgf: pgfsys-pdftex.def
 (c:/TeXLive/2024/texmf-dist/tex/generic/pgf/systemlayer/pgfsys-pdftex.def
File: pgfsys-pdftex.def 2023-01-15 v3.1.10 (3.1.10)
 (c:/TeXLive/2024/texmf-dist/tex/generic/pgf/systemlayer/pgfsys-common-pdf.def
File: pgfsys-common-pdf.def 2023-01-15 v3.1.10 (3.1.10)
))) (c:/TeXLive/2024/texmf-dist/tex/generic/pgf/systemlayer/pgfsyssoftpath.code.tex
File: pgfsyssoftpath.code.tex 2023-01-15 v3.1.10 (3.1.10)
\pgfsyssoftpath@smallbuffer@items=\count295
\pgfsyssoftpath@bigbuffer@items=\count296
) (c:/TeXLive/2024/texmf-dist/tex/generic/pgf/systemlayer/pgfsysprotocol.code.tex
File: pgfsysprotocol.code.tex 2023-01-15 v3.1.10 (3.1.10)
)) (c:/TeXLive/2024/texmf-dist/tex/generic/babel/babel.sty
Package: babel 2024/03/29 v24.3 The Babel package
\babel@savecnt=\count297
\U@D=\dimen157
\l@unhyphenated=\language89
 (c:/TeXLive/2024/texmf-dist/tex/generic/babel/txtbabel.def)
\bbl@readstream=\read3
\bbl@dirlevel=\count298
 (c:/TeXLive/2024/texmf-dist/tex/generic/babel-german/ngerman.ldf
Language: ngerman 2024/01/19 v2.14 German support for babel (post-1996 orthography)
 (c:/TeXLive/2024/texmf-dist/tex/generic/babel-german/ngermanb.ldf
Language: ngermanb 2024/01/19 v2.14 German support for babel (post-1996 orthography)
Package babel Info: Making " an active character on input line 122.
)) (c:/TeXLive/2024/texmf-dist/tex/generic/babel-english/english.ldf
Language: english 2017/06/06 v3.3r English support from the babel system
Package babel Info: Hyphen rules for 'canadian' set to \l@english
(babel)             (\language0). Reported on input line 102.
Package babel Info: Hyphen rules for 'australian' set to \l@ukenglish
(babel)             (\language23). Reported on input line 105.
Package babel Info: Hyphen rules for 'newzealand' set to \l@ukenglish
(babel)             (\language23). Reported on input line 108.
)) (c:/TeXLive/2024/texmf-dist/tex/generic/babel/locale/en/babel-english.tex
Package babel Info: Importing font and identification data for english
(babel)             from babel-en.ini. Reported on input line 11.
) (c:/TeXLive/2024/texmf-dist/tex/generic/babel/locale/de/babel-ngerman.tex
Package babel Info: Importing font and identification data for ngerman
(babel)             from babel-de.ini. Reported on input line 11.
) (c:/TeXLive/2024/texmf-dist/tex/latex/base/fontenc.sty
Package: fontenc 2021/04/29 v2.0v Standard LaTeX package
) (c:/TeXLive/2024/texmf-dist/tex/latex/base/inputenc.sty
Package: inputenc 2021/02/14 v1.3d Input encoding file
\inpenc@prehook=\toks27
\inpenc@posthook=\toks28
) (c:/TeXLive/2024/texmf-dist/tex/latex/amsmath/amsmath.sty
Package: amsmath 2023/05/13 v2.17o AMS math features
\@mathmargin=\skip68

For additional information on amsmath, use the `?' option.
(c:/TeXLive/2024/texmf-dist/tex/latex/amsmath/amstext.sty
Package: amstext 2021/08/26 v2.01 AMS text
 (c:/TeXLive/2024/texmf-dist/tex/latex/amsmath/amsgen.sty
File: amsgen.sty 1999/11/30 v2.0 generic functions
\@emptytoks=\toks29
\ex@=\dimen158
)) (c:/TeXLive/2024/texmf-dist/tex/latex/amsmath/amsbsy.sty
Package: amsbsy 1999/11/29 v1.2d Bold Symbols
\pmbraise@=\dimen159
) (c:/TeXLive/2024/texmf-dist/tex/latex/amsmath/amsopn.sty
Package: amsopn 2022/04/08 v2.04 operator names
)
\inf@bad=\count299
LaTeX Info: Redefining \frac on input line 234.
\uproot@=\count300
\leftroot@=\count301
LaTeX Info: Redefining \overline on input line 399.
LaTeX Info: Redefining \colon on input line 410.
\classnum@=\count302
\DOTSCASE@=\count303
LaTeX Info: Redefining \ldots on input line 496.
LaTeX Info: Redefining \dots on input line 499.
LaTeX Info: Redefining \cdots on input line 620.
\Mathstrutbox@=\box57
\strutbox@=\box58
LaTeX Info: Redefining \big on input line 722.
LaTeX Info: Redefining \Big on input line 723.
LaTeX Info: Redefining \bigg on input line 724.
LaTeX Info: Redefining \Bigg on input line 725.
\big@size=\dimen160
LaTeX Font Info:    Redeclaring font encoding OML on input line 743.
LaTeX Font Info:    Redeclaring font encoding OMS on input line 744.
\macc@depth=\count304
LaTeX Info: Redefining \bmod on input line 905.
LaTeX Info: Redefining \pmod on input line 910.
LaTeX Info: Redefining \smash on input line 940.
LaTeX Info: Redefining \relbar on input line 970.
LaTeX Info: Redefining \Relbar on input line 971.
\c@MaxMatrixCols=\count305
\dotsspace@=\muskip16
\c@parentequation=\count306
\dspbrk@lvl=\count307
\tag@help=\toks30
\row@=\count308
\column@=\count309
\maxfields@=\count310
\andhelp@=\toks31
\eqnshift@=\dimen161
\alignsep@=\dimen162
\tagshift@=\dimen163
\tagwidth@=\dimen164
\totwidth@=\dimen165
\lineht@=\dimen166
\@envbody=\toks32
\multlinegap=\skip69
\multlinetaggap=\skip70
\mathdisplay@stack=\toks33
LaTeX Info: Redefining \[ on input line 2953.
LaTeX Info: Redefining \] on input line 2954.
) (c:/TeXLive/2024/texmf-dist/tex/latex/amsfonts/amssymb.sty
Package: amssymb 2013/01/14 v3.01 AMS font symbols
 (c:/TeXLive/2024/texmf-dist/tex/latex/amsfonts/amsfonts.sty
Package: amsfonts 2013/01/14 v3.01 Basic AMSFonts support
\symAMSa=\mathgroup4
\symAMSb=\mathgroup5
LaTeX Font Info:    Redeclaring math symbol \hbar on input line 98.
LaTeX Font Info:    Overwriting math alphabet `\mathfrak' in version `bold'
(Font)                  U/euf/m/n --> U/euf/b/n on input line 106.
)) (c:/TeXLive/2024/texmf-dist/tex/latex/lm/lmodern.sty
Package: lmodern 2015/05/01 v1.6.1 Latin Modern Fonts
LaTeX Font Info:    Overwriting symbol font `operators' in version `normal'
(Font)                  OT1/cmr/m/n --> OT1/lmr/m/n on input line 22.
LaTeX Font Info:    Overwriting symbol font `letters' in version `normal'
(Font)                  OML/cmm/m/it --> OML/lmm/m/it on input line 23.
LaTeX Font Info:    Overwriting symbol font `symbols' in version `normal'
(Font)                  OMS/cmsy/m/n --> OMS/lmsy/m/n on input line 24.
LaTeX Font Info:    Overwriting symbol font `largesymbols' in version `normal'
(Font)                  OMX/cmex/m/n --> OMX/lmex/m/n on input line 25.
LaTeX Font Info:    Overwriting symbol font `operators' in version `bold'
(Font)                  OT1/cmr/bx/n --> OT1/lmr/bx/n on input line 26.
LaTeX Font Info:    Overwriting symbol font `letters' in version `bold'
(Font)                  OML/cmm/b/it --> OML/lmm/b/it on input line 27.
LaTeX Font Info:    Overwriting symbol font `symbols' in version `bold'
(Font)                  OMS/cmsy/b/n --> OMS/lmsy/b/n on input line 28.
LaTeX Font Info:    Overwriting symbol font `largesymbols' in version `bold'
(Font)                  OMX/cmex/m/n --> OMX/lmex/m/n on input line 29.
LaTeX Font Info:    Overwriting math alphabet `\mathbf' in version `normal'
(Font)                  OT1/cmr/bx/n --> OT1/lmr/bx/n on input line 31.
LaTeX Font Info:    Overwriting math alphabet `\mathsf' in version `normal'
(Font)                  OT1/cmss/m/n --> OT1/lmss/m/n on input line 32.
LaTeX Font Info:    Overwriting math alphabet `\mathit' in version `normal'
(Font)                  OT1/cmr/m/it --> OT1/lmr/m/it on input line 33.
LaTeX Font Info:    Overwriting math alphabet `\mathtt' in version `normal'
(Font)                  OT1/cmtt/m/n --> OT1/lmtt/m/n on input line 34.
LaTeX Font Info:    Overwriting math alphabet `\mathbf' in version `bold'
(Font)                  OT1/cmr/bx/n --> OT1/lmr/bx/n on input line 35.
LaTeX Font Info:    Overwriting math alphabet `\mathsf' in version `bold'
(Font)                  OT1/cmss/bx/n --> OT1/lmss/bx/n on input line 36.
LaTeX Font Info:    Overwriting math alphabet `\mathit' in version `bold'
(Font)                  OT1/cmr/bx/it --> OT1/lmr/bx/it on input line 37.
LaTeX Font Info:    Overwriting math alphabet `\mathtt' in version `bold'
(Font)                  OT1/cmtt/m/n --> OT1/lmtt/m/n on input line 38.
) (c:/TeXLive/2024/texmf-dist/tex/latex/natbib/natbib.sty
Package: natbib 2010/09/13 8.31b (PWD, AO)
\bibhang=\skip71
\bibsep=\skip72
LaTeX Info: Redefining \cite on input line 694.
\c@NAT@ctr=\count311
) (c:/TeXLive/2024/texmf-dist/tex/latex/booktabs/booktabs.sty
Package: booktabs 2020/01/12 v1.61803398 Publication quality tables
\heavyrulewidth=\dimen167
\lightrulewidth=\dimen168
\cmidrulewidth=\dimen169
\belowrulesep=\dimen170
\belowbottomsep=\dimen171
\aboverulesep=\dimen172
\abovetopsep=\dimen173
\cmidrulesep=\dimen174
\cmidrulekern=\dimen175
\defaultaddspace=\dimen176
\@cmidla=\count312
\@cmidlb=\count313
\@aboverulesep=\dimen177
\@belowrulesep=\dimen178
\@thisruleclass=\count314
\@lastruleclass=\count315
\@thisrulewidth=\dimen179
) (c:/TeXLive/2024/texmf-dist/tex/latex/tools/longtable.sty
Package: longtable 2023-11-01 v4.19 Multi-page Table package (DPC)
\LTleft=\skip73
\LTright=\skip74
\LTpre=\skip75
\LTpost=\skip76
\LTchunksize=\count316
\LTcapwidth=\dimen180
\LT@head=\box59
\LT@firsthead=\box60
\LT@foot=\box61
\LT@lastfoot=\box62
\LT@gbox=\box63
\LT@cols=\count317
\LT@rows=\count318
\c@LT@tables=\count319
\c@LT@chunks=\count320
\LT@p@ftn=\toks34
)
Class scrbook Info: longtable captions redefined on input line 22.
 (c:/TeXLive/2024/texmf-dist/tex/latex/tools/array.sty
Package: array 2023/10/16 v2.5g Tabular extension package (FMi)
\col@sep=\dimen181
\ar@mcellbox=\box64
\extrarowheight=\dimen182
\NC@list=\toks35
\extratabsurround=\skip77
\backup@length=\skip78
\ar@cellbox=\box65
) (c:/TeXLive/2024/texmf-dist/tex/latex/base/textcomp.sty
Package: textcomp 2020/02/02 v2.0n Standard LaTeX package
) (c:/TeXLive/2024/texmf-dist/tex/latex/gensymb/gensymb.sty
Package: gensymb 2022/10/17 v1.0.2 (KJH)
) (c:/TeXLive/2024/texmf-dist/tex/latex/units/units.sty
Package: units 1998/08/04 v0.9b Typesetting units
 (c:/TeXLive/2024/texmf-dist/tex/latex/base/ifthen.sty
Package: ifthen 2022/04/13 v1.1d Standard LaTeX ifthen package (DPC)
) (c:/TeXLive/2024/texmf-dist/tex/latex/units/nicefrac.sty
Package: nicefrac 1998/08/04 v0.9b Nice fractions
\L@UnitsRaiseDisplaystyle=\skip79
\L@UnitsRaiseTextstyle=\skip80
\L@UnitsRaiseScriptstyle=\skip81
)) (c:/TeXLive/2024/texmf-dist/tex/latex/hyperref/hyperref.sty
Package: hyperref 2024-01-20 v7.01h Hypertext links for LaTeX
 (c:/TeXLive/2024/texmf-dist/tex/latex/kvsetkeys/kvsetkeys.sty
Package: kvsetkeys 2022-10-05 v1.19 Key value parser (HO)
) (c:/TeXLive/2024/texmf-dist/tex/generic/kvdefinekeys/kvdefinekeys.sty
Package: kvdefinekeys 2019-12-19 v1.6 Define keys (HO)
) (c:/TeXLive/2024/texmf-dist/tex/generic/pdfescape/pdfescape.sty
Package: pdfescape 2019/12/09 v1.15 Implements pdfTeX's escape features (HO)
) (c:/TeXLive/2024/texmf-dist/tex/latex/hycolor/hycolor.sty
Package: hycolor 2020-01-27 v1.10 Color options for hyperref/bookmark (HO)
) (c:/TeXLive/2024/texmf-dist/tex/latex/hyperref/nameref.sty
Package: nameref 2023-11-26 v2.56 Cross-referencing by name of section
 (c:/TeXLive/2024/texmf-dist/tex/latex/refcount/refcount.sty
Package: refcount 2019/12/15 v3.6 Data extraction from label references (HO)
) (c:/TeXLive/2024/texmf-dist/tex/generic/gettitlestring/gettitlestring.sty
Package: gettitlestring 2019/12/15 v1.6 Cleanup title references (HO)
 (c:/TeXLive/2024/texmf-dist/tex/latex/kvoptions/kvoptions.sty
Package: kvoptions 2022-06-15 v3.15 Key value format for package options (HO)
))
\c@section@level=\count321
) (c:/TeXLive/2024/texmf-dist/tex/latex/etoolbox/etoolbox.sty
Package: etoolbox 2020/10/05 v2.5k e-TeX tools for LaTeX (JAW)
\etb@tempcnta=\count322
)
\@linkdim=\dimen183
\Hy@linkcounter=\count323
\Hy@pagecounter=\count324
 (c:/TeXLive/2024/texmf-dist/tex/latex/hyperref/pd1enc.def
File: pd1enc.def 2024-01-20 v7.01h Hyperref: PDFDocEncoding definition (HO)
Now handling font encoding PD1 ...
... no UTF-8 mapping file for font encoding PD1
) (c:/TeXLive/2024/texmf-dist/tex/generic/intcalc/intcalc.sty
Package: intcalc 2019/12/15 v1.3 Expandable calculations with integers (HO)
)
\Hy@SavedSpaceFactor=\count325
 (c:/TeXLive/2024/texmf-dist/tex/latex/hyperref/puenc.def
File: puenc.def 2024-01-20 v7.01h Hyperref: PDF Unicode definition (HO)
Now handling font encoding PU ...
... no UTF-8 mapping file for font encoding PU
)
Package hyperref Info: Option `breaklinks' set `true' on input line 4062.
Package hyperref Info: Option `bookmarksopen' set `true' on input line 4062.
Package hyperref Info: Option `bookmarksnumbered' set `true' on input line 4062.
Package hyperref Info: Hyper figures OFF on input line 4179.
Package hyperref Info: Link nesting OFF on input line 4184.
Package hyperref Info: Hyper index ON on input line 4187.
Package hyperref Info: Plain pages OFF on input line 4194.
Package hyperref Info: Backreferencing OFF on input line 4199.
Package hyperref Info: Implicit mode ON; LaTeX internals redefined.
Package hyperref Info: Bookmarks ON on input line 4446.
\c@Hy@tempcnt=\count326
 (c:/TeXLive/2024/texmf-dist/tex/latex/url/url.sty
\Urlmuskip=\muskip17
Package: url 2013/09/16  ver 3.4  Verb mode for urls, etc.
)
LaTeX Info: Redefining \url on input line 4784.
\XeTeXLinkMargin=\dimen184
 (c:/TeXLive/2024/texmf-dist/tex/generic/bitset/bitset.sty
Package: bitset 2019/12/09 v1.3 Handle bit-vector datatype (HO)
 (c:/TeXLive/2024/texmf-dist/tex/generic/bigintcalc/bigintcalc.sty
Package: bigintcalc 2019/12/15 v1.5 Expandable calculations on big integers (HO)
))
\Fld@menulength=\count327
\Field@Width=\dimen185
\Fld@charsize=\dimen186
Package hyperref Info: Hyper figures OFF on input line 6063.
Package hyperref Info: Link nesting OFF on input line 6068.
Package hyperref Info: Hyper index ON on input line 6071.
Package hyperref Info: backreferencing OFF on input line 6078.
Package hyperref Info: Link coloring OFF on input line 6083.
Package hyperref Info: Link coloring with OCG OFF on input line 6088.
Package hyperref Info: PDF/A mode OFF on input line 6093.
 (c:/TeXLive/2024/texmf-dist/tex/latex/base/atbegshi-ltx.sty
Package: atbegshi-ltx 2021/01/10 v1.0c Emulation of the original atbegshi
package with kernel methods
)
\Hy@abspage=\count328
\c@Item=\count329
\c@Hfootnote=\count330
)
Package hyperref Info: Driver (autodetected): hpdftex.
 (c:/TeXLive/2024/texmf-dist/tex/latex/hyperref/hpdftex.def
File: hpdftex.def 2024-01-20 v7.01h Hyperref driver for pdfTeX
 (c:/TeXLive/2024/texmf-dist/tex/latex/base/atveryend-ltx.sty
Package: atveryend-ltx 2020/08/19 v1.0a Emulation of the original atveryend package
with kernel methods
)
\Fld@listcount=\count331
\c@bookmark@seq@number=\count332
 (c:/TeXLive/2024/texmf-dist/tex/latex/rerunfilecheck/rerunfilecheck.sty
Package: rerunfilecheck 2022-07-10 v1.10 Rerun checks for auxiliary files (HO)
 (c:/TeXLive/2024/texmf-dist/tex/generic/uniquecounter/uniquecounter.sty
Package: uniquecounter 2019/12/15 v1.4 Provide unlimited unique counter (HO)
)
Package uniquecounter Info: New unique counter `rerunfilecheck' on input line 285.
)
\Hy@SectionHShift=\skip82
) (c:/TeXLive/2024/texmf-dist/tex/latex/koma-script/scrhack.sty
Package: scrhack 2023/07/07 v3.41 KOMA-Script package (hacking other packages)
 (c:/TeXLive/2024/texmf-dist/tex/latex/xpatch/xpatch.sty (c:/TeXLive/2024/texmf-dist/tex/latex/l3kernel/expl3.sty
Package: expl3 2024-03-14 L3 programming layer (loader) 
 (c:/TeXLive/2024/texmf-dist/tex/latex/l3backend/l3backend-pdftex.def
File: l3backend-pdftex.def 2024-03-14 L3 backend support: PDF output (pdfTeX)
\l__color_backend_stack_int=\count333
\l__pdf_internal_box=\box66
))
Package: xpatch 2020/03/25 v0.3a Extending etoolbox patching commands
 (c:/TeXLive/2024/texmf-dist/tex/latex/l3packages/xparse/xparse.sty
Package: xparse 2024-03-14 L3 Experimental document command parser
))
Package scrhack Info: hyperref hack deactivated because of
(scrhack)             detection of hyperref version, that doesn't
(scrhack)             need that hack, on input line 162.
Package scrhack Info: loading float hack on input line 178.
 (c:/TeXLive/2024/texmf-dist/tex/latex/koma-script/float.hak
File: float.hak 2023/07/07 v3.41 KOMA-Script scrhack part (hacking package float)
Package scrhack Info: redefining \newfloat on input line 163.
Package scrhack Info: redefining \listof on input line 163.
Package scrhack Info: undefining \float@addtolists on input line 163.
)
Package scrhack Info: loading setspace hack on input line 199.
 (c:/TeXLive/2024/texmf-dist/tex/latex/koma-script/setspace.hak
File: setspace.hak 2023/07/07 v3.41 KOMA-Script scrhack part (hacking package setspace)
)) (c:/TeXLive/2024/texmf-dist/tex/latex/colortbl/colortbl.sty
Package: colortbl 2024/02/20 v1.0g Color table columns (DPC)
\everycr=\toks36
\minrowclearance=\skip83
\rownum=\count334
) (c:/TeXLive/2024/texmf-dist/tex/latex/enumitem/enumitem.sty
Package: enumitem 2019/06/20 v3.9 Customized lists
\labelindent=\skip84
\enit@outerparindent=\dimen187
\enit@toks=\toks37
\enit@inbox=\box67
\enit@count@id=\count335
\enitdp@description=\count336
) (c:/TeXLive/2024/texmf-dist/tex/latex/psnfss/pifont.sty
Package: pifont 2020/03/25 PSNFSS-v9.3 Pi font support (SPQR) 
LaTeX Font Info:    Trying to load font information for U+pzd on input line 63.
 (c:/TeXLive/2024/texmf-dist/tex/latex/psnfss/upzd.fd
File: upzd.fd 2001/06/04 font definitions for U/pzd.
)
LaTeX Font Info:    Trying to load font information for U+psy on input line 64.
 (c:/TeXLive/2024/texmf-dist/tex/latex/psnfss/upsy.fd
File: upsy.fd 2001/06/04 font definitions for U/psy.
)) (c:/TeXLive/2024/texmf-dist/tex/latex/was/upgreek.sty
Package: upgreek 2003/02/12 v2.0 (WaS)
Package upgreek Info: Using Euler Roman for upright Greek on input line 31.
\symugrf@m=\mathgroup6
LaTeX Font Info:    Overwriting symbol font `ugrf@m' in version `bold'
(Font)                  U/eur/m/n --> U/eur/b/n on input line 38.
)

Class scrbook Warning: Usage of package `tocbibind' together
(scrbook)              with a KOMA-Script class is not recommended.
(scrbook)              I'd suggest to use options like `listof=totoc'
(scrbook)              or `bibliography=totoc', or commands like
(scrbook)              `\setuptoc{toc}{totoc}' instead of this package,
(scrbook)              because it breaks several KOMA-Script features of
(scrbook)              the list of figures, list of tables, bibliography,
(scrbook)              index and the running head.
(scrbook)              Nevertheless, using requested
(scrbook)              package `tocbibind' on input line 43.

(c:/TeXLive/2024/texmf-dist/tex/latex/tocbibind/tocbibind.sty
Package: tocbibind 2010/10/13 v1.5k extra ToC listings
Package tocbibind Info: The document has chapter divisions on input line 50.


Package tocbibind Note: Using chapter style headings, unless overridden.

) (c:/TeXLive/2024/texmf-dist/tex/latex/lineno/lineno.sty
Package: lineno 2023/05/20 line numbers on paragraphs v5.3
\linenopenalty=\count337
\output=\toks38
\linenoprevgraf=\count338
\linenumbersep=\dimen188
\linenumberwidth=\dimen189
\c@linenumber=\count339
\c@pagewiselinenumber=\count340
\c@LN@truepage=\count341
\c@internallinenumber=\count342
\c@internallinenumbers=\count343
\quotelinenumbersep=\dimen190
\bframerule=\dimen191
\bframesep=\dimen192
\bframebox=\box68
\linenoamsmath@ams@eqpen=\count344
LaTeX Info: Redefining \\ on input line 3180.
)) (./style.tex)
LaTeX Font Info:    Trying to load font information for T1+lmr on input line 5.
 (c:/TeXLive/2024/texmf-dist/tex/latex/lm/t1lmr.fd
File: t1lmr.fd 2015/05/01 v1.6.1 Font defs for Latin Modern
) (./zwischenreport.aux)
\openout1 = `zwischenreport.aux'.

LaTeX Font Info:    Checking defaults for OML/cmm/m/it on input line 5.
LaTeX Font Info:    ... okay on input line 5.
LaTeX Font Info:    Checking defaults for OMS/cmsy/m/n on input line 5.
LaTeX Font Info:    ... okay on input line 5.
LaTeX Font Info:    Checking defaults for OT1/cmr/m/n on input line 5.
LaTeX Font Info:    ... okay on input line 5.
LaTeX Font Info:    Checking defaults for T1/cmr/m/n on input line 5.
LaTeX Font Info:    ... okay on input line 5.
LaTeX Font Info:    Checking defaults for TS1/cmr/m/n on input line 5.
LaTeX Font Info:    ... okay on input line 5.
LaTeX Font Info:    Checking defaults for OMX/cmex/m/n on input line 5.
LaTeX Font Info:    ... okay on input line 5.
LaTeX Font Info:    Checking defaults for U/cmr/m/n on input line 5.
LaTeX Font Info:    ... okay on input line 5.
LaTeX Font Info:    Checking defaults for PD1/pdf/m/n on input line 5.
LaTeX Font Info:    ... okay on input line 5.
LaTeX Font Info:    Checking defaults for PU/pdf/m/n on input line 5.
LaTeX Font Info:    ... okay on input line 5.
Package scrbase Info: activating english \partname on input line 5.
Package scrbase Info: activating english \chaptername on input line 5.
Package scrbase Info: activating english \appendixname on input line 5.
Package scrbase Info: activating english \figurename on input line 5.
Package scrbase Info: activating english \tablename on input line 5.
Package scrbase Info: activating english \contentsname on input line 5.
Package scrbase Info: activating english \listfigurename on input line 5.
Package scrbase Info: activating english \listtablename on input line 5.
Package scrbase Info: activating english \bibname on input line 5.
Package scrbase Info: activating english \indexname on input line 5.
Package tocbasic Info: usage of `tocbibind' detected on input line 5.


Package tocbasic Warning: `tocbibind' redefinition of `\listoffigures'
(tocbasic)                detected.
(tocbasic)                Note: Loading `tocbibind' without option `notlof'
(tocbasic)                can break several features of `tocbasic'.


Package tocbasic Warning: `tocbibind' redefinition of `\listoftables'
(tocbasic)                detected.
(tocbasic)                Note: Loading `tocbibind' without option `notlot'
(tocbasic)                can break several features of `tocbasic'.

(./datenumber.sty
Package: datenumber 2001/08/06v0.02
 (./datenumberUSenglish.ldf
File: datenumberUSenglish.ldf 
) (./datenumberenglish.ldf
File: datenumberenglish.ldf 
) (./datenumbergerman.ldf
File: datenumbergerman.ldf 
)
\c@@dayscnt=\count345
\c@@startyear=\count346
\c@datenumber=\count347
\c@dateyear=\count348
\c@datemonth=\count349
\c@dateday=\count350
\c@datedayname=\count351
\@nom=\count352
\@den=\count353
) (c:/TeXLive/2024/texmf-dist/tex/context/base/mkii/supp-pdf.mkii
[Loading MPS to PDF converter (version 2006.09.02).]
\scratchcounter=\count354
\scratchdimen=\dimen193
\scratchbox=\box69
\nofMPsegments=\count355
\nofMParguments=\count356
\everyMPshowfont=\toks39
\MPscratchCnt=\count357
\MPscratchDim=\dimen194
\MPnumerator=\count358
\makeMPintoPDFobject=\count359
\everyMPtoPDFconversion=\toks40
) (c:/TeXLive/2024/texmf-dist/tex/latex/epstopdf-pkg/epstopdf-base.sty
Package: epstopdf-base 2020-01-24 v2.11 Base part for package epstopdf
Package epstopdf-base Info: Redefining graphics rule for `.eps' on input line 485.
 (c:/TeXLive/2024/texmf-dist/tex/latex/latexconfig/epstopdf-sys.cfg
File: epstopdf-sys.cfg 2010/07/13 v1.3 Configuration of (r)epstopdf for TeX Live
))
\symgns@font=\mathgroup7
LaTeX Font Info:    Overwriting symbol font `gns@font' in version `bold'
(Font)                  TS1/lmr/m/n --> TS1/lmr/b/n on input line 5.
Package gensymb Info: Math companion symbols declared on input line 5.
LaTeX Info: Redefining \degree on input line 5.
LaTeX Info: Redefining \celsius on input line 5.
Package gensymb Info: Using text companion symbols for \degree, \celsius and \perthousand on input line 5.
LaTeX Info: Redefining \ohm on input line 5.
Package gensymb Info: Using \textohm for \ohm on input line 5.
Package gensymb Info: Using \textmu for \micro on input line 5.
Package hyperref Info: Link coloring OFF on input line 5.
 (./zwischenreport.out) (./zwischenreport.out)
\@outlinefile=\write4
\openout4 = `zwischenreport.out'.

Class scrbook Info: loading recommended package `bookmark'.
(scrbook)           Using `bookmark' together with `hyperref' is recommended,
(scrbook)           because of handling of possible bookmark level gaps.
(scrbook)           You can avoid loading `bookmark' with KOMA-Script option
(scrbook)           `bookmarkpackage=false' before \begin{document} and
(scrbook)           you can avoid this message adding:
(scrbook)             \usepackage{bookmark}
(scrbook)           before \begin{document} on input line 5.
 (c:/TeXLive/2024/texmf-dist/tex/latex/bookmark/bookmark.sty
Package: bookmark 2023-12-10 v1.31 PDF bookmarks (HO)
 (c:/TeXLive/2024/texmf-dist/tex/latex/bookmark/bkm-pdftex.def
File: bkm-pdftex.def 2023-12-10 v1.31 bookmark driver for pdfTeX and luaTeX (HO)
\BKM@id=\count360
))

pdfTeX warning: pdflatex.exe (file ./figures/Logo_Uni_Goettingen.pdf): PDF inclusion: found PDF version <1.7>, but at most version <1.5> allowed
<figures/Logo_Uni_Goettingen.pdf, id=7, 502.31766pt x 89.5335pt>
File: figures/Logo_Uni_Goettingen.pdf Graphic file (type pdf)
<use figures/Logo_Uni_Goettingen.pdf>
Package pdftex.def Info: figures/Logo_Uni_Goettingen.pdf  used on input line 22.
(pdftex.def)             Requested size: 239.44649pt x 42.67912pt.
<figures/Logo_Physik_links.pdf, id=8, 317.02841pt x 97.66487pt>
File: figures/Logo_Physik_links.pdf Graphic file (type pdf)
<use figures/Logo_Physik_links.pdf>
Package pdftex.def Info: figures/Logo_Physik_links.pdf  used on input line 22.
(pdftex.def)             Requested size: 138.53995pt x 42.67912pt.
LaTeX Font Info:    Trying to load font information for OT1+lmr on input line 22.
(c:/TeXLive/2024/texmf-dist/tex/latex/lm/ot1lmr.fd
File: ot1lmr.fd 2015/05/01 v1.6.1 Font defs for Latin Modern
)
LaTeX Font Info:    Trying to load font information for OML+lmm on input line 22.
 (c:/TeXLive/2024/texmf-dist/tex/latex/lm/omllmm.fd
File: omllmm.fd 2015/05/01 v1.6.1 Font defs for Latin Modern
)
LaTeX Font Info:    Trying to load font information for OMS+lmsy on input line 22.
 (c:/TeXLive/2024/texmf-dist/tex/latex/lm/omslmsy.fd
File: omslmsy.fd 2015/05/01 v1.6.1 Font defs for Latin Modern
)
LaTeX Font Info:    Trying to load font information for OMX+lmex on input line 22.
 (c:/TeXLive/2024/texmf-dist/tex/latex/lm/omxlmex.fd
File: omxlmex.fd 2015/05/01 v1.6.1 Font defs for Latin Modern
)
LaTeX Font Info:    External font `lmex10' loaded for size
(Font)              <12> on input line 22.
LaTeX Font Info:    External font `lmex10' loaded for size
(Font)              <8> on input line 22.
LaTeX Font Info:    External font `lmex10' loaded for size
(Font)              <6> on input line 22.
LaTeX Font Info:    Trying to load font information for U+msa on input line 22.
 (c:/TeXLive/2024/texmf-dist/tex/latex/amsfonts/umsa.fd
File: umsa.fd 2013/01/14 v3.01 AMS symbols A
)
LaTeX Font Info:    Trying to load font information for U+msb on input line 22.
 (c:/TeXLive/2024/texmf-dist/tex/latex/amsfonts/umsb.fd
File: umsb.fd 2013/01/14 v3.01 AMS symbols B
)
LaTeX Font Info:    Trying to load font information for TS1+lmr on input line 22.
 (c:/TeXLive/2024/texmf-dist/tex/latex/lm/ts1lmr.fd
File: ts1lmr.fd 2015/05/01 v1.6.1 Font defs for Latin Modern
)
Overfull \hbox (95.59737pt too wide) in paragraph at lines 22--22
[]|[]| 
 []


Overfull \hbox (95.59737pt too wide) in paragraph at lines 22--22
[]|[]| 
 []


Overfull \hbox (95.59737pt too wide) in paragraph at lines 22--22
[]|[]| 
 []


Overfull \hbox (95.59737pt too wide) in paragraph at lines 22--22
[]|[]| 
 []

[1





{c:/TeXLive/2024/texmf-var/fonts/map/pdftex/updmap/pdftex.map}{c:/TeXLive/2024/texmf-dist/fonts/enc/dvips/lm/lm-ec.enc} <./figures/Logo_Uni_Goettingen.pdf> <./figures/Logo_Physik_links.pdf>] [2


] (./zwischenreport.toc [3


{c:/TeXLive/2024/texmf-dist/fonts/enc/dvips/lm/lm-mathit.enc}{c:/TeXLive/2024/texmf-dist/fonts/enc/dvips/lm/lm-rm.enc}])
\tf@toc=\write5
\openout5 = `zwischenreport.toc'.

 [4]
chapter 1.

LaTeX Warning: Reference `ch:status' on page 1 undefined on input line 41.

[1




] [2]
chapter 2.
[3


{c:/TeXLive/2024/texmf-dist/fonts/enc/dvips/lm/lm-mathsy.enc}] [4] [5{c:/TeXLive/2024/texmf-dist/fonts/enc/dvips/lm/lm-mathex.enc}] [6] [7]
Underfull \vbox (badness 6125) has occurred while \output is active []

 [8] [9]
<figures/feynman/ttH_labeled.png, id=284, 802.49812pt x 599.99156pt>
File: figures/feynman/ttH_labeled.png Graphic file (type png)
<use figures/feynman/ttH_labeled.png>
Package pdftex.def Info: figures/feynman/ttH_labeled.png  used on input line 233.
(pdftex.def)             Requested size: 273.14922pt x 204.22331pt.
 [10]
<figures/cross_section/top_total_cross_sections.png, id=305, 2855.66875pt x 2144.01pt>
File: figures/cross_section/top_total_cross_sections.png Graphic file (type png)
<use figures/cross_section/top_total_cross_sections.png>
Package pdftex.def Info: figures/cross_section/top_total_cross_sections.png  used on input line 246.
(pdftex.def)             Requested size: 345.98299pt x 259.75644pt.
 [11 <./figures/feynman/ttH_labeled.png>] [12 <./figures/cross_section/top_total_cross_sections.png>]
chapter 3.
<figures/lhc/lhc_overview.jpg, id=334, 580.1675pt x 326.72063pt>
File: figures/lhc/lhc_overview.jpg Graphic file (type jpg)
<use figures/lhc/lhc_overview.jpg>
Package pdftex.def Info: figures/lhc/lhc_overview.jpg  used on input line 267.
(pdftex.def)             Requested size: 364.19664pt x 205.09724pt.
[13


]
<figures/lhc/atlas_overview.jpg, id=350, 602.25pt x 361.35pt>
File: figures/lhc/atlas_overview.jpg Graphic file (type jpg)
<use figures/lhc/atlas_overview.jpg>
Package pdftex.def Info: figures/lhc/atlas_overview.jpg  used on input line 285.
(pdftex.def)             Requested size: 300.46275pt x 180.28308pt.
 [14{c:/TeXLive/2024/texmf-dist/fonts/enc/dvips/lm/lm-ts1.enc} <./figures/lhc/lhc_overview.jpg>]
<figures/lhc/atlas_coordinate_system.excalidraw.png, id=361, 1996.45876pt x 1106.1325pt>
File: figures/lhc/atlas_coordinate_system.excalidraw.png Graphic file (type png)
<use figures/lhc/atlas_coordinate_system.excalidraw.png>
Package pdftex.def Info: figures/lhc/atlas_coordinate_system.excalidraw.png  used on input line 303.
(pdftex.def)             Requested size: 327.77629pt x 181.59256pt.
<figures/lhc/atlas_layers.png, id=365, 853.1875pt x 691.58376pt>
File: figures/lhc/atlas_layers.png Graphic file (type png)
<use figures/lhc/atlas_layers.png>
Package pdftex.def Info: figures/lhc/atlas_layers.png  used on input line 323.
(pdftex.def)             Requested size: 277.69916pt x 225.09973pt.
 [15 <./figures/lhc/atlas_overview.jpg>] [16 <./figures/lhc/atlas_coordinate_system.excalidraw.png>] [17 <./figures/lhc/atlas_layers.png>] [18] [19] [20] [21] [22


]
chapter 4.
[23] [24]
chapter 5.
LaTeX Font Info:    External font `lmex10' loaded for size
(Font)              <17.28> on input line 425.
LaTeX Font Info:    External font `lmex10' loaded for size
(Font)              <10> on input line 425.

Underfull \vbox (badness 2012) has occurred while \output is active []

 [25


]
<figures/methods/spanet_architecture_2.jpg, id=489, 302.5704pt x 167.9073pt>
File: figures/methods/spanet_architecture_2.jpg Graphic file (type jpg)
<use figures/methods/spanet_architecture_2.jpg>
Package pdftex.def Info: figures/methods/spanet_architecture_2.jpg  used on input line 455.
(pdftex.def)             Requested size: 332.32623pt x 184.42188pt.
 [26] [27 <./figures/methods/spanet_architecture_2.jpg>] [28


]
chapter 6.
[29]
<figures/Neutrino Weighting/cherry_13.png, id=526, 462.528pt x 346.896pt>
File: figures/Neutrino Weighting/cherry_13.png Graphic file (type png)
<use figures/Neutrino Weighting/cherry_13.png>
Package pdftex.def Info: figures/Neutrino Weighting/cherry_13.png  used on input line 501.
(pdftex.def)             Requested size: 318.66946pt x 239.01443pt.
 [30 <./figures/Neutrino Weighting/cherry_13.png>] [31] [32


]
chapter 7.
[33] [34]
<figures/separation_power/separation_split_number_of_jets.png, id=564, 578.16pt x 433.62pt>
File: figures/separation_power/separation_split_number_of_jets.png Graphic file (type png)
<use figures/separation_power/separation_split_number_of_jets.png>
Package pdftex.def Info: figures/separation_power/separation_split_number_of_jets.png  used on input line 565.
(pdftex.def)             Requested size: 218.51521pt x 163.88408pt.
<figures/separation_power/separation_split_number_of_bjets.png, id=565, 578.16pt x 433.62pt>
File: figures/separation_power/separation_split_number_of_bjets.png Graphic file (type png)
<use figures/separation_power/separation_split_number_of_bjets.png>
Package pdftex.def Info: figures/separation_power/separation_split_number_of_bjets.png  used on input line 566.
(pdftex.def)             Requested size: 218.51521pt x 163.88408pt.
 [35 <./figures/separation_power/separation_split_number_of_jets.png> <./figures/separation_power/separation_split_number_of_bjets.png>]
<figures/separation_power/separation_split_reco_met_value_gev.png, id=575, 578.16pt x 433.62pt>
File: figures/separation_power/separation_split_reco_met_value_gev.png Graphic file (type png)
<use figures/separation_power/separation_split_reco_met_value_gev.png>
Package pdftex.def Info: figures/separation_power/separation_split_reco_met_value_gev.png  used on input line 582.
(pdftex.def)             Requested size: 218.51521pt x 163.88408pt.
<figures/separation_power/separation_split_reco_lepton_e_gev.png, id=576, 578.16pt x 433.62pt>
File: figures/separation_power/separation_split_reco_lepton_e_gev.png Graphic file (type png)
<use figures/separation_power/separation_split_reco_lepton_e_gev.png>
Package pdftex.def Info: figures/separation_power/separation_split_reco_lepton_e_gev.png  used on input line 583.
(pdftex.def)             Requested size: 218.51521pt x 163.88408pt.
 [36 <./figures/separation_power/separation_split_reco_met_value_gev.png> <./figures/separation_power/separation_split_reco_lepton_e_gev.png>]
<figures/separation_power/separation_split_spanet_t2_assignment_probability.png, id=586, 578.16pt x 433.62pt>
File: figures/separation_power/separation_split_spanet_t2_assignment_probability.png Graphic file (type png)
<use figures/separation_power/separation_split_spanet_t2_assignment_probability.png>
Package pdftex.def Info: figures/separation_power/separation_split_spanet_t2_assignment_probability.png  used on input line 597.
(pdftex.def)             Requested size: 218.51521pt x 163.88408pt.
<figures/separation_power/separation_split_spanet_HW_assignment_probability.png, id=587, 578.16pt x 433.62pt>
File: figures/separation_power/separation_split_spanet_HW_assignment_probability.png Graphic file (type png)
<use figures/separation_power/separation_split_spanet_HW_assignment_probability.png>
Package pdftex.def Info: figures/separation_power/separation_split_spanet_HW_assignment_probability.png  used on input line 598.
(pdftex.def)             Requested size: 218.51521pt x 163.88408pt.
 [37 <./figures/separation_power/separation_split_spanet_t2_assignment_probability.png> <./figures/separation_power/separation_split_spanet_HW_assignment_probability.png>] [38] [39] [40


]
chapter 8.
[41]
Underfull \vbox (badness 4168) has occurred while \output is active []

 [42]
<figures/SPANet/assignment.png, id=639, 462.528pt x 346.896pt>
File: figures/SPANet/assignment.png Graphic file (type png)
<use figures/SPANet/assignment.png>
Package pdftex.def Info: figures/SPANet/assignment.png  used on input line 772.
(pdftex.def)             Requested size: 318.66946pt x 239.01443pt.
 [43]
Underfull \vbox (badness 2452) has occurred while \output is active []

 [44 <./figures/SPANet/assignment.png>]
<figures/SPANet/spanet_probability_detection_normed.png, id=657, 462.528pt x 346.896pt>
File: figures/SPANet/spanet_probability_detection_normed.png Graphic file (type png)
<use figures/SPANet/spanet_probability_detection_normed.png>
Package pdftex.def Info: figures/SPANet/spanet_probability_detection_normed.png  used on input line 805.
(pdftex.def)             Requested size: 213.96527pt x 160.47394pt.
<figures/SPANet/spanet_probability_assignment_normed.png, id=658, 462.528pt x 346.896pt>
File: figures/SPANet/spanet_probability_assignment_normed.png Graphic file (type png)
<use figures/SPANet/spanet_probability_assignment_normed.png>
Package pdftex.def Info: figures/SPANet/spanet_probability_assignment_normed.png  used on input line 806.
(pdftex.def)             Requested size: 213.96527pt x 160.47394pt.
 [45 <./figures/SPANet/spanet_probability_detection_normed.png> <./figures/SPANet/spanet_probability_assignment_normed.png>]
<figures/Neutrino Weighting/heatmap-nw_true.png, id=672, 505.89pt x 361.35pt>
File: figures/Neutrino Weighting/heatmap-nw_true.png Graphic file (type png)
<use figures/Neutrino Weighting/heatmap-nw_true.png>
Package pdftex.def Info: figures/Neutrino Weighting/heatmap-nw_true.png  used on input line 834.
(pdftex.def)             Requested size: 209.41533pt x 149.58252pt.
<figures/Neutrino Weighting/heatmap-nw_true_125-2.png, id=673, 505.89pt x 361.35pt>
File: figures/Neutrino Weighting/heatmap-nw_true_125-2.png Graphic file (type png)
<use figures/Neutrino Weighting/heatmap-nw_true_125-2.png>
Package pdftex.def Info: figures/Neutrino Weighting/heatmap-nw_true_125-2.png  used on input line 835.
(pdftex.def)             Requested size: 209.41533pt x 149.58252pt.
 [46 <./figures/Neutrino Weighting/heatmap-nw_true.png> <./figures/Neutrino Weighting/heatmap-nw_true_125-2.png>]
chapter 9.
(./zwischenreport.bbl [47


] [48


]
chapter 10.
[49] [50] [51] [52]) [53] [54


]
chapter A.
<figures/truth_matching/success_ratio.png, id=728, 462.528pt x 346.896pt>
File: figures/truth_matching/success_ratio.png Graphic file (type png)
<use figures/truth_matching/success_ratio.png>
Package pdftex.def Info: figures/truth_matching/success_ratio.png  used on input line 876.
(pdftex.def)             Requested size: 218.51521pt x 163.88805pt.
<figures/truth_matching/success_by_jets.png, id=729, 462.528pt x 346.896pt>
File: figures/truth_matching/success_by_jets.png Graphic file (type png)
<use figures/truth_matching/success_by_jets.png>
Package pdftex.def Info: figures/truth_matching/success_by_jets.png  used on input line 877.
(pdftex.def)             Requested size: 218.51521pt x 163.88805pt.
[55] [56 <./figures/truth_matching/success_ratio.png> <./figures/truth_matching/success_by_jets.png>]
chapter B.
<figures/signature.png, id=741, 1129.21875pt x 286.06876pt>
File: figures/signature.png Graphic file (type png)
<use figures/signature.png>
Package pdftex.def Info: figures/signature.png  used on input line 892.
(pdftex.def)             Requested size: 273.14922pt x 69.19916pt.
[57


 <./figures/signature.png>] (./zwischenreport.aux)
 ***********
LaTeX2e <2023-11-01> patch level 1
L3 programming layer <2020/03/25>
 ***********


LaTeX Warning: There were undefined references.

Package rerunfilecheck Info: File `zwischenreport.out' has not changed.
(rerunfilecheck)             Checksum: D41D8CD98F00B204E9800998ECF8427E;0.
 ) 
Here is how much of TeX's memory you used:
 20035 strings out of 474104
 362478 string characters out of 5747502
 1943496 words of memory out of 5000000
 41759 multiletter control sequences out of 15000+600000
 620477 words of font info for 88 fonts, out of 8000000 for 9000
 1141 hyphenation exceptions out of 8191
 122i,17n,121p,11047b,907s stack positions out of 10000i,1000n,20000p,200000b,200000s
<c:/TeXLive/2024/texmf-dist/fonts/type1/public/amsfonts/euler/eurm10.pfb><c:/TeXLive/2024/texmf-dist/fonts/type1/public/lm/lmbx12.pfb><c:/TeXLive/2024/texmf-dist/fonts/type1/public/lm/lmcsc10.pfb><c:/TeXLive/2024/texmf-dist/fonts/type1/public/lm/lmex10.pfb><c:/TeXLive/2024/texmf-dist/fonts/type1/public/lm/lmmi12.pfb><c:/TeXLive/2024/texmf-dist/fonts/type1/public/lm/lmmi6.pfb><c:/TeXLive/2024/texmf-dist/fonts/type1/public/lm/lmmi8.pfb><c:/TeXLive/2024/texmf-dist/fonts/type1/public/lm/lmr12.pfb><c:/TeXLive/2024/texmf-dist/fonts/type1/public/lm/lmr8.pfb><c:/TeXLive/2024/texmf-dist/fonts/type1/public/lm/lmri12.pfb><c:/TeXLive/2024/texmf-dist/fonts/type1/public/lm/lmro12.pfb><c:/TeXLive/2024/texmf-dist/fonts/type1/public/lm/lmsy10.pfb><c:/TeXLive/2024/texmf-dist/fonts/type1/public/lm/lmsy6.pfb><c:/TeXLive/2024/texmf-dist/fonts/type1/public/lm/lmsy8.pfb>
Output written on zwischenreport.pdf (61 pages, 1735137 bytes).
PDF statistics:
 978 PDF objects out of 1000 (max. 8388607)
 819 compressed objects within 9 object streams
 239 named destinations out of 1000 (max. 500000)
 405 words of extra memory for PDF output out of 10000 (max. 10000000)

